// Jest Snapshot v1, https://goo.gl/fbAQLP

exports[`Footer Test Cases should match snapshot 1`] = `
<div
  className="sc-ifAKCX cFlEyZ"
>
  <div
    className="sc-EHOje dODvMY"
  >
    <span
      className="sc-bZQynM goJlMT"
    >
      If you're experiencing technical issues, please
       
      <a
        className="sc-bdVaJa eHRVLd"
        onClick={[Function]}
      >
        Report Issue
      </a>
    </span>
    <span
      className="sc-bZQynM goJlMT"
    >
      This site is protected by reCAPTCHA and the Google
    </span>
    <span
      className="sc-bZQynM goJlMT"
    >
      <a
        href="https://policies.google.com/privacy"
      >
        Privacy Policy
      </a>
       
      and
       
      <a
        href="https://policies.google.com/terms"
      >
        Terms of Service
      </a>
       
      apply
      .
    </span>
  </div>
</div>
`;
